src/components/sidebar/SidebarContent.tsx(2,10): error TS2724: '"../../core/translations"' has no exported member named 'useTranslation'. Did you mean 'translations'?
src/hooks/useTaskCounts.ts(20,20): error TS2304: Cannot find name 'useMemo'.
src/hooks/useWorkspace.ts(2,10): error TS2459: Module '"../core/auth"' declares 'auth' locally, but it is not exported.
src/store/maintenance.ts(64,47): error TS2769: No overload matches this call.
  Overload 1 of 3, '(firestore: Firestore, path: string, ...pathSegments: string[]): DocumentReference<DocumentData, DocumentData>', gave the following error.
    Argument of type 'string | undefined' is not assignable to parameter of type 'string'.
      Type 'undefined' is not assignable to type 'string'.
  Overload 2 of 3, '(reference: CollectionReference<unknown, DocumentData>, path?: string | undefined, ...pathSegments: string[]): DocumentReference<unknown, DocumentData>', gave the following error.
    Argument of type 'Firestore' is not assignable to parameter of type 'CollectionReference<unknown, DocumentData>'.
      Type 'Firestore' is missing the following properties from type 'CollectionReference<unknown, DocumentData>': id, path, parent, withConverter, and 2 more.
  Overload 3 of 3, '(reference: DocumentReference<unknown, DocumentData>, path: string, ...pathSegments: string[]): DocumentReference<DocumentData, DocumentData>', gave the following error.
    Argument of type 'Firestore' is not assignable to parameter of type 'DocumentReference<unknown, DocumentData>'.
      Type 'Firestore' is missing the following properties from type 'DocumentReference<unknown, DocumentData>': converter, firestore, id, path, and 2 more.
